Microsoft (R) Build Engine version 16.11.2+f32259642 for .NET
Copyright (C) Microsoft Corporation. All rights reserved.

  Determining projects to restore...
G:\Projects\Computer\MyProjects\MyCompanyApp.Wpf\src\MyCompanyApp.Persistence\MyCompanyApp.Persistence.csproj : error NU1605: Detected package downgrade: Microsoft.Extensions.DependencyInjection from 5.0.2 to 5.0.0. Reference the package directly from the project to select a different version.  [G:\Projects\Computer\MyProjects\MyCompanyApp.Wpf\MyCompanyApp.sln]
G:\Projects\Computer\MyProjects\MyCompanyApp.Wpf\src\MyCompanyApp.Persistence\MyCompanyApp.Persistence.csproj : error NU1605:  MyCompanyApp.Persistence -> Microsoft.EntityFrameworkCore 5.0.17 -> Microsoft.Extensions.DependencyInjection (>= 5.0.2)  [G:\Projects\Computer\MyProjects\MyCompanyApp.Wpf\MyCompanyApp.sln]
G:\Projects\Computer\MyProjects\MyCompanyApp.Wpf\src\MyCompanyApp.Persistence\MyCompanyApp.Persistence.csproj : error NU1605:  MyCompanyApp.Persistence -> Microsoft.Extensions.DependencyInjection (>= 5.0.0) [G:\Projects\Computer\MyProjects\MyCompanyApp.Wpf\MyCompanyApp.sln]
  Failed to restore G:\Projects\Computer\MyProjects\MyCompanyApp.Wpf\src\MyCompanyApp.Persistence\MyCompanyApp.Persistence.csproj (in 383 ms).
  9 of 10 projects are up-to-date for restore.

Build FAILED.

G:\Projects\Computer\MyProjects\MyCompanyApp.Wpf\src\MyCompanyApp.Persistence\MyCompanyApp.Persistence.csproj : error NU1605: Detected package downgrade: Microsoft.Extensions.DependencyInjection from 5.0.2 to 5.0.0. Reference the package directly from the project to select a different version.  [G:\Projects\Computer\MyProjects\MyCompanyApp.Wpf\MyCompanyApp.sln]
G:\Projects\Computer\MyProjects\MyCompanyApp.Wpf\src\MyCompanyApp.Persistence\MyCompanyApp.Persistence.csproj : error NU1605:  MyCompanyApp.Persistence -> Microsoft.EntityFrameworkCore 5.0.17 -> Microsoft.Extensions.DependencyInjection (>= 5.0.2)  [G:\Projects\Computer\MyProjects\MyCompanyApp.Wpf\MyCompanyApp.sln]
G:\Projects\Computer\MyProjects\MyCompanyApp.Wpf\src\MyCompanyApp.Persistence\MyCompanyApp.Persistence.csproj : error NU1605:  MyCompanyApp.Persistence -> Microsoft.Extensions.DependencyInjection (>= 5.0.0) [G:\Projects\Computer\MyProjects\MyCompanyApp.Wpf\MyCompanyApp.sln]
    0 Warning(s)
    1 Error(s)

Time Elapsed 00:00:01.31
