  Determining projects to restore...
  All projects are up-to-date for restore.
  MyCompanyApp.Domain -> G:\Projects\Computer\MyProjects\MyCompanyApp.Wpf\src\MyCompanyApp.Domain\bin\Debug\net5.0-windows\MyCompanyApp.Domain.dll
  MyCompanyApp.Domain.Tests -> G:\Projects\Computer\MyProjects\MyCompanyApp.Wpf\tests\MyCompanyApp.Domain.Tests\bin\Debug\net5.0-windows\MyCompanyApp.Domain.Tests.dll
Test run for G:\Projects\Computer\MyProjects\MyCompanyApp.Wpf\tests\MyCompanyApp.Domain.Tests\bin\Debug\net5.0-windows\MyCompanyApp.Domain.Tests.dll (.NETCoreApp,Version=v5.0)
Microsoft (R) Test Execution Command Line Tool Version 16.11.0
Copyright (c) Microsoft Corporation.  All rights reserved.

  MyCompanyApp.Application -> G:\Projects\Computer\MyProjects\MyCompanyApp.Wpf\src\MyCompanyApp.Application\bin\Debug\net5.0-windows\MyCompanyApp.Application.dll
Starting test execution, please wait...
  MyCompanyApp.Infrastructure -> G:\Projects\Computer\MyProjects\MyCompanyApp.Wpf\src\MyCompanyApp.Infrastructure\bin\Debug\net5.0-windows\MyCompanyApp.Infrastructure.dll
A total of 1 test files matched the specified pattern.
  MyCompanyApp.Infrastructure.Tests -> G:\Projects\Computer\MyProjects\MyCompanyApp.Wpf\tests\MyCompanyApp.Infrastructure.Tests\bin\Debug\net5.0-windows\MyCompanyApp.Infrastructure.Tests.dll
Test run for G:\Projects\Computer\MyProjects\MyCompanyApp.Wpf\tests\MyCompanyApp.Infrastructure.Tests\bin\Debug\net5.0-windows\MyCompanyApp.Infrastructure.Tests.dll (.NETCoreApp,Version=v5.0)
Microsoft (R) Test Execution Command Line Tool Version 16.11.0
Copyright (c) Microsoft Corporation.  All rights reserved.

Starting test execution, please wait...
A total of 1 test files matched the specified pattern.
No test is available in G:\Projects\Computer\MyProjects\MyCompanyApp.Wpf\tests\MyCompanyApp.Domain.Tests\bin\Debug\net5.0-windows\MyCompanyApp.Domain.Tests.dll. Make sure that test discoverer & executors are registered and platform & framework version settings are appropriate and try again.
No test is available in G:\Projects\Computer\MyProjects\MyCompanyApp.Wpf\tests\MyCompanyApp.Infrastructure.Tests\bin\Debug\net5.0-windows\MyCompanyApp.Infrastructure.Tests.dll. Make sure that test discoverer & executors are registered and platform & framework version settings are appropriate and try again.

Additionally, path to test adapters can be specified using /TestAdapterPath command. Example  /TestAdapterPath:<pathToCustomAdapters>.

Additionally, path to test adapters can be specified using /TestAdapterPath command. Example  /TestAdapterPath:<pathToCustomAdapters>.
  MyCompanyApp.Wpf.Tests -> G:\Projects\Computer\MyProjects\MyCompanyApp.Wpf\tests\MyCompanyApp.Wpf.Tests\bin\Debug\net5.0-windows\MyCompanyApp.Wpf.Tests.dll
Test run for G:\Projects\Computer\MyProjects\MyCompanyApp.Wpf\tests\MyCompanyApp.Wpf.Tests\bin\Debug\net5.0-windows\MyCompanyApp.Wpf.Tests.dll (.NETCoreApp,Version=v5.0)
Microsoft (R) Test Execution Command Line Tool Version 16.11.0
Copyright (c) Microsoft Corporation.  All rights reserved.

Starting test execution, please wait...
A total of 1 test files matched the specified pattern.
No test is available in G:\Projects\Computer\MyProjects\MyCompanyApp.Wpf\tests\MyCompanyApp.Wpf.Tests\bin\Debug\net5.0-windows\MyCompanyApp.Wpf.Tests.dll. Make sure that test discoverer & executors are registered and platform & framework version settings are appropriate and try again.

Additionally, path to test adapters can be specified using /TestAdapterPath command. Example  /TestAdapterPath:<pathToCustomAdapters>.
  MyCompanyApp.Application.Tests -> G:\Projects\Computer\MyProjects\MyCompanyApp.Wpf\tests\MyCompanyApp.Application.Tests\bin\Debug\net5.0-windows\MyCompanyApp.Application.Tests.dll
Test run for G:\Projects\Computer\MyProjects\MyCompanyApp.Wpf\tests\MyCompanyApp.Application.Tests\bin\Debug\net5.0-windows\MyCompanyApp.Application.Tests.dll (.NETCoreApp,Version=v5.0)
Microsoft (R) Test Execution Command Line Tool Version 16.11.0
Copyright (c) Microsoft Corporation.  All rights reserved.

Starting test execution, please wait...
A total of 1 test files matched the specified pattern.
No test is available in G:\Projects\Computer\MyProjects\MyCompanyApp.Wpf\tests\MyCompanyApp.Application.Tests\bin\Debug\net5.0-windows\MyCompanyApp.Application.Tests.dll. Make sure that test discoverer & executors are registered and platform & framework version settings are appropriate and try again.

Additionally, path to test adapters can be specified using /TestAdapterPath command. Example  /TestAdapterPath:<pathToCustomAdapters>.
  MyCompanyApp.Tests -> G:\Projects\Computer\MyProjects\MyCompanyApp.Wpf\tests\MyCompanyApp.Tests\bin\Debug\net5.0-windows\MyCompanyApp.Tests.dll
Test run for G:\Projects\Computer\MyProjects\MyCompanyApp.Wpf\tests\MyCompanyApp.Tests\bin\Debug\net5.0-windows\MyCompanyApp.Tests.dll (.NETCoreApp,Version=v5.0)
Microsoft (R) Test Execution Command Line Tool Version 16.11.0
Copyright (c) Microsoft Corporation.  All rights reserved.

Starting test execution, please wait...
A total of 1 test files matched the specified pattern.
No test is available in G:\Projects\Computer\MyProjects\MyCompanyApp.Wpf\tests\MyCompanyApp.Tests\bin\Debug\net5.0-windows\MyCompanyApp.Tests.dll. Make sure that test discoverer & executors are registered and platform & framework version settings are appropriate and try again.

